PHPUnit 11.5.55 by Sebastian Bergmann and contributors.

Runtime:       PHP 8.2.12
Configuration: D:\saas\agenda-pro\phpunit.xml

F.                                                                  2 / 2 (100%)

Time: 00:00.903, Memory: 44.00 MB

There was 1 failure:

1) Tests\Feature\AgendaFlowTest::test_can_create_appointment
Failed asserting that a row in the table [appointments] matches the attributes {
    "customer_id": 1,
    "professional_id": 1,
    "starts_at": "2026-03-22 14:00:00"
}.

The table is empty.

D:\saas\agenda-pro\vendor\laravel\framework\src\Illuminate\Foundation\Testing\Concerns\InteractsWithDatabase.php:36
D:\saas\agenda-pro\tests\Feature\AgendaFlowTest.php:36

FAILURES!
Tests: 2, Assertions: 7, Failures: 1.
