PHPUnit 11.5.55 by Sebastian Bergmann and contributors.

Runtime:       PHP 8.2.12
Configuration: D:\saas\agenda-pro\phpunit.xml

E                                                                   1 / 1 (100%)

Time: 00:00.775, Memory: 42.00 MB

There was 1 error:

1) Tests\Feature\TenantSeparationTest::test_settings_are_scoped_to_clinic
Illuminate\Database\UniqueConstraintViolationException: SQLSTATE[23000]: Integrity constraint violation: 19 UNIQUE constraint failed: settings.key (Connection: sqlite, SQL: insert into "settings" ("clinic_id", "key", "value", "updated_at", "created_at") values (2, clinic_name, Clinic B Name, 2026-03-25 22:54:31, 2026-03-25 22:54:31))

D:\saas\agenda-pro\vendor\laravel\framework\src\Illuminate\Database\Connection.php:820
D:\saas\agenda-pro\vendor\laravel\framework\src\Illuminate\Database\Connection.php:779
D:\saas\agenda-pro\vendor\laravel\framework\src\Illuminate\Database\Connection.php:560
D:\saas\agenda-pro\vendor\laravel\framework\src\Illuminate\Database\Connection.php:524
D:\saas\agenda-pro\vendor\laravel\framework\src\Illuminate\Database\Query\Processors\Processor.php:32
D:\saas\agenda-pro\vendor\laravel\framework\src\Illuminate\Database\Query\Builder.php:3766
D:\saas\agenda-pro\vendor\laravel\framework\src\Illuminate\Database\Eloquent\Builder.php:2120
D:\saas\agenda-pro\vendor\laravel\framework\src\Illuminate\Database\Eloquent\Model.php:1359
D:\saas\agenda-pro\vendor\laravel\framework\src\Illuminate\Database\Eloquent\Model.php:1324
D:\saas\agenda-pro\vendor\laravel\framework\src\Illuminate\Database\Eloquent\Model.php:1163
D:\saas\agenda-pro\vendor\laravel\framework\src\Illuminate\Database\Eloquent\Builder.php:1128
D:\saas\agenda-pro\vendor\laravel\framework\src\Illuminate\Support\helpers.php:399
D:\saas\agenda-pro\vendor\laravel\framework\src\Illuminate\Database\Eloquent\Builder.php:1127
D:\saas\agenda-pro\vendor\laravel\framework\src\Illuminate\Database\Eloquent\Builder.php:634
D:\saas\agenda-pro\vendor\laravel\framework\src\Illuminate\Database\Concerns\ManagesTransactions.php:32
D:\saas\agenda-pro\vendor\laravel\framework\src\Illuminate\Database\Eloquent\Builder.php:1863
D:\saas\agenda-pro\vendor\laravel\framework\src\Illuminate\Database\Eloquent\Builder.php:634
D:\saas\agenda-pro\vendor\laravel\framework\src\Illuminate\Database\Eloquent\Builder.php:621
D:\saas\agenda-pro\vendor\laravel\framework\src\Illuminate\Database\Eloquent\Builder.php:649
D:\saas\agenda-pro\vendor\laravel\framework\src\Illuminate\Support\Traits\ForwardsCalls.php:23
D:\saas\agenda-pro\vendor\laravel\framework\src\Illuminate\Database\Eloquent\Model.php:2372
D:\saas\agenda-pro\vendor\laravel\framework\src\Illuminate\Database\Eloquent\Model.php:2384
D:\saas\agenda-pro\app\Models\Setting.php:38
D:\saas\agenda-pro\tests\Feature\TenantSeparationTest.php:32

Caused by
PDOException: SQLSTATE[23000]: Integrity constraint violation: 19 UNIQUE constraint failed: settings.key

D:\saas\agenda-pro\vendor\laravel\framework\src\Illuminate\Database\Connection.php:571
D:\saas\agenda-pro\vendor\laravel\framework\src\Illuminate\Database\Connection.php:812
D:\saas\agenda-pro\vendor\laravel\framework\src\Illuminate\Database\Connection.php:779
D:\saas\agenda-pro\vendor\laravel\framework\src\Illuminate\Database\Connection.php:560
D:\saas\agenda-pro\vendor\laravel\framework\src\Illuminate\Database\Connection.php:524
D:\saas\agenda-pro\vendor\laravel\framework\src\Illuminate\Database\Query\Processors\Processor.php:32
D:\saas\agenda-pro\vendor\laravel\framework\src\Illuminate\Database\Query\Builder.php:3766
D:\saas\agenda-pro\vendor\laravel\framework\src\Illuminate\Database\Eloquent\Builder.php:2120
D:\saas\agenda-pro\vendor\laravel\framework\src\Illuminate\Database\Eloquent\Model.php:1359
D:\saas\agenda-pro\vendor\laravel\framework\src\Illuminate\Database\Eloquent\Model.php:1324
D:\saas\agenda-pro\vendor\laravel\framework\src\Illuminate\Database\Eloquent\Model.php:1163
D:\saas\agenda-pro\vendor\laravel\framework\src\Illuminate\Database\Eloquent\Builder.php:1128
D:\saas\agenda-pro\vendor\laravel\framework\src\Illuminate\Support\helpers.php:399
D:\saas\agenda-pro\vendor\laravel\framework\src\Illuminate\Database\Eloquent\Builder.php:1127
D:\saas\agenda-pro\vendor\laravel\framework\src\Illuminate\Database\Eloquent\Builder.php:634
D:\saas\agenda-pro\vendor\laravel\framework\src\Illuminate\Database\Concerns\ManagesTransactions.php:32
D:\saas\agenda-pro\vendor\laravel\framework\src\Illuminate\Database\Eloquent\Builder.php:1863
D:\saas\agenda-pro\vendor\laravel\framework\src\Illuminate\Database\Eloquent\Builder.php:634
D:\saas\agenda-pro\vendor\laravel\framework\src\Illuminate\Database\Eloquent\Builder.php:621
D:\saas\agenda-pro\vendor\laravel\framework\src\Illuminate\Database\Eloquent\Builder.php:649
D:\saas\agenda-pro\vendor\laravel\framework\src\Illuminate\Support\Traits\ForwardsCalls.php:23
D:\saas\agenda-pro\vendor\laravel\framework\src\Illuminate\Database\Eloquent\Model.php:2372
D:\saas\agenda-pro\vendor\laravel\framework\src\Illuminate\Database\Eloquent\Model.php:2384
D:\saas\agenda-pro\app\Models\Setting.php:38
D:\saas\agenda-pro\tests\Feature\TenantSeparationTest.php:32

ERRORS!
Tests: 1, Assertions: 1, Errors: 1.
